
> esp32-nfc-access-control-server@1.0.0 test
> jest --coverage deviceRoutes.test.ts --verbose

  console.log
    Response status: 500

      at Object.<anonymous> (src/routes/deviceRoutes.test.ts:160:15)

  console.log
    Response body: {
      success: false,
      error: 'Update failed',
      message: 'Failed to update device'
    }

      at Object.<anonymous> (src/routes/deviceRoutes.test.ts:161:15)

node.exe : FAIL src/routes/deviceRoutes.test.ts
所在位置 行:1 字符: 1
+ & "E:\nodejs/node.exe" "E:\nodejs/node_modules/npm/bin/npm-cli.js" te ...
+ ~~~~~~~~~~~~~~~~~~~~~~~~~~~~~~~~~~~~~~~~~~~~~~~~~~~~~~~~~~~~~~~~~~~~~
    + CategoryInfo          : NotSpecified: (FAIL src/routes/deviceRoutes.test.ts:String) [], RemoteException
    + FullyQualifiedErrorId : NativeCommandError
 
  Device Routes Integration Tests
    POST /api/devices
      鈭?should register a new device with valid JWT token (34 ms)
      鈭?should reject request without JWT token (10 ms)
      鈭?should reject device with invalid device_id (5 ms)
    PUT /api/devices/:deviceId
      脳 should update an existing device (23 ms)
      鈭?should return 404 for non-existent device (7 ms)
    GET /api/devices
      鈭?should list all devices with online status (7 ms)
      鈭?should reject request without JWT token (4 ms)

  鈼?Device Routes Integration Tests 鈥?PUT /api/devices/:deviceId 鈥?should update an existing device

    expect(received).toBe(expected) // Object.is equality

    Expected: 200
    Received: 500

    [0m [90m 161 |[39m       console[33m.[39mlog([32m'Response body:'[39m[33m,[39m response[33m.[39mbody)[33m;[39m
     [90m 162 |[39m
    [31m[1m>[22m[39m[90m 163 |[39m       expect(response[33m.[39mstatus)[33m.[39mtoBe([35m200[39m)[33m;[39m
     [90m     |[39m                               [31m[1m^[22m[39m
     [90m 164 |[39m       expect(response[33m.[39mbody)[33m.[39mtoMatchObject({
     [90m 165 |[39m         success[33m:[39m [36mtrue[39m[33m,[39m
     [90m 166 |[39m         message[33m:[39m [32m'璁惧鏇存柊鎴愬姛'[39m[33m,[39m[0m

      at Object.<anonymous> (src/routes/deviceRoutes.test.ts:163:31)

Failed to collect coverage from D:\doorlock\server\src\examples\checkCardExample.ts
ERROR: [96msrc/examples/checkCardExample.ts[0m:[93m9[0m:[93m19[0m - [91merror[0m[90m TS2307: [0mCannot find module 'axios' or its corresponding type declarations.

[7m9[0m import axios from 'axios';
[7m [0m [91m                  ~~~~~~~[0m
STACK: 
Failed to collect coverage from D:\doorlock\server\src\examples\signatureExample.ts
ERROR: [96msrc/examples/signatureExample.ts[0m:[93m7[0m:[93m19[0m - [91merror[0m[90m TS6133: [0m'Request' is declared but its value is never read.

[7m7[0m import express, { Request, Response } from 'express';
[7m [0m [91m                  ~~~~~~~[0m
[96msrc/examples/signatureExample.ts[0m:[93m31[0m:[93m20[0m - [91merror[0m[90m TS6133: [0m'device_id' is declared but its value is never read.

[7m31[0m       const { uid, device_id, timestamp, signature } = req.body;
[7m  [0m [91m                   ~~~~~~~~~[0m
[96msrc/examples/signatureExample.ts[0m:[93m31[0m:[93m31[0m - [91merror[0m[90m TS6133: [0m'timestamp' is declared but its value is never read.

[7m31[0m       const { uid, device_id, timestamp, signature } = req.body;
[7m  [0m [91m                              ~~~~~~~~~[0m
[96msrc/examples/signatureExample.ts[0m:[93m31[0m:[93m42[0m - [91merror[0m[90m TS6133: [0m'signature' is declared but its value is never read.

[7m31[0m       const { uid, device_id, timestamp, signature } = req.body;
[7m  [0m [91m                                         ~~~~~~~~~[0m
STACK: 
--------------------------|---------|----------|---------|---------|--------------------------------------------------------------------------------------
File                      | % Stmts | % Branch | % Funcs | % Lines | Uncovered Line #s                                                                    
--------------------------|---------|----------|---------|---------|--------------------------------------------------------------------------------------
All files                 |   12.27 |     8.71 |   14.68 |   12.29 |                                                                                      
 src                      |       0 |        0 |       0 |       0 |                                                                                      
  db.ts                   |       0 |        0 |       0 |       0 | 9-286                                                                                
  example-usage.ts        |       0 |        0 |       0 |       0 | 8-248                                                                                
 src/controllers          |   15.21 |    13.45 |   29.62 |   15.14 |                                                                                      
  accessController.ts     |       0 |        0 |       0 |       0 | 15-155                                                                               
  authController.ts       |       0 |        0 |       0 |       0 | 9-144                                                                                
  cardController.ts       |       0 |        0 |       0 |       0 | 16-700                                                                               
  deviceController.ts     |   63.63 |    56.09 |     100 |   64.63 | 75-80,96-101,106-111,117-122,128-133,170-171,203-208,225-230,236-254,280-294,340-341 
  index.ts                |       0 |      100 |       0 |       0 | 8-12                                                                                 
 src/examples             |       0 |        0 |       0 |       0 |                                                                                      
  accessControlExample.ts |       0 |        0 |       0 |       0 | 7-101                                                                                
  authExample.ts          |       0 |      100 |       0 |       0 | 8-42                                                                                 
 src/middleware           |    8.39 |     2.56 |    3.44 |    8.75 |                                                                                      
  authMiddleware.ts       |       0 |        0 |       0 |       0 | 17-163                                                                               
  index.ts                |       0 |      100 |       0 |       0 | 6-15                                                                                 
  rateLimitMiddleware.ts  |       0 |        0 |       0 |       0 | 15-267                                                                               
  webAuthMiddleware.ts    |      75 |       50 |     100 |      75 | 53-58,67-68                                                                          
 src/models               |       0 |      100 |     100 |       0 |                                                                                      
  index.ts                |       0 |      100 |     100 |       0 | 6-9                                                                                  
 src/repositories         |   17.71 |     8.54 |   20.75 |   17.62 |                                                                                      
  AccessLogRepository.ts  |       0 |        0 |       0 |       0 | 17-299                                                                               
  AdminRepository.ts      |       0 |        0 |       0 |       0 | 11-100                                                                               
  CardRepository.ts       |       0 |        0 |       0 |       0 | 11-254                                                                               
  DeviceRepository.ts     |   61.53 |    34.48 |    64.7 |   60.52 | 37-45,119,135,148-149,153-154,163-164,168-169,174,199-217,237-239,258-275            
  index.ts                |       0 |      100 |       0 |       0 | 6-9                                                                                  
 src/routes               |   22.41 |      100 |   22.22 |      25 |                                                                                      
  accessRoutes.ts         |       0 |      100 |       0 |       0 | 8-44                                                                                 
  authRoutes.ts           |       0 |      100 |       0 |       0 | 8-34                                                                                 
  cardRoutes.ts           |       0 |      100 |       0 |       0 | 8-84                                                                                 
  deviceRoutes.ts         |     100 |      100 |     100 |     100 |                                                                                      
  index.ts                |       0 |      100 |       0 |       0 | 8-11                                                                                 
 src/services             |       0 |        0 |       0 |       0 |                                                                                      
  accessControlService.ts |       0 |        0 |       0 |       0 | 36-283                                                                               
  index.ts                |       0 |      100 |       0 |       0 | 6                                                                                    
 src/utils                |   31.91 |       40 |      25 |   31.91 |                                                                                      
  jwtUtils.ts             |   68.18 |    66.66 |      50 |   68.18 | 32,48,58-62,78                                                                       
  signatureUtils.ts       |       0 |        0 |       0 |       0 | 11-136                                                                               
--------------------------|---------|----------|---------|---------|--------------------------------------------------------------------------------------
Test Suites: 1 failed, 1 total
Tests:       1 failed, 6 passed, 7 total
Snapshots:   0 total
Time:        9.204 s
Ran all test suites matching /deviceRoutes.test.ts/i.
